2026-02-14 11:03:36.264  2517-4200  ActivityManagerWrapper  com.miui.home                        E  getRecentTasksForceIncludingTaskIdIfValid: getRecentTasks: size=5
                                                                                                     mainTaskId=4540   userId=0   windowMode=1   baseIntent=Intent { act=android.intent.action.MAIN flag=268435456 cmp=ComponentInfo{com.mwarrc.pocketscore/com.mwarrc.pocketscore.MainActivity} }
                                                                                                     mainTaskId=4527   userId=0   windowMode=1   baseIntent=Intent { act=null flag=268435456 cmp=ComponentInfo{com.whatsapp/com.whatsapp.home.ui.HomeActivity} }
                                                                                                     mainTaskId=4518   userId=0   windowMode=1   baseIntent=Intent { act=android.intent.action.MAIN flag=270532608 cmp=ComponentInfo{com.instagram.android/com.instagram.android.activity.MainTabActivity} }
                                                                                                     mainTaskId=4519   userId=0   windowMode=1   baseIntent=Intent { act=android.intent.action.MAIN flag=270532608 cmp=ComponentInfo{com.twitter.android/com.twitter.android.StartActivity} }
                                                                                                     mainTaskId=4517   userId=0   windowMode=1   baseIntent=Intent { act=android.intent.action.MAIN flag=270532608 cmp=ComponentInfo{com.openai.chatgpt/com.openai.chatgpt.MainActivity} }
2026-02-14 11:03:36.742  2517-4200  ActivityManagerWrapper  com.miui.home                        E  getRecentTasksForceIncludingTaskIdIfValid: getRecentTasks: size=5
                                                                                                     mainTaskId=4540   userId=0   windowMode=1   baseIntent=Intent { act=android.intent.action.MAIN flag=268435456 cmp=ComponentInfo{com.mwarrc.pocketscore/com.mwarrc.pocketscore.MainActivity} }
                                                                                                     mainTaskId=4527   userId=0   windowMode=1   baseIntent=Intent { act=null flag=268435456 cmp=ComponentInfo{com.whatsapp/com.whatsapp.home.ui.HomeActivity} }
                                                                                                     mainTaskId=4518   userId=0   windowMode=1   baseIntent=Intent { act=android.intent.action.MAIN flag=270532608 cmp=ComponentInfo{com.instagram.android/com.instagram.android.activity.MainTabActivity} }
                                                                                                     mainTaskId=4519   userId=0   windowMode=1   baseIntent=Intent { act=android.intent.action.MAIN flag=270532608 cmp=ComponentInfo{com.twitter.android/com.twitter.android.StartActivity} }
                                                                                                     mainTaskId=4517   userId=0   windowMode=1   baseIntent=Intent { act=android.intent.action.MAIN flag=270532608 cmp=ComponentInfo{com.openai.chatgpt/com.openai.chatgpt.MainActivity} }
2026-02-14 11:03:37.421  2517-4200  ActivityManagerWrapper  com.miui.home                        E  getRecentTasksForceIncludingTaskIdIfValid: getRecentTasks: size=5
                                                                                                     mainTaskId=4540   userId=0   windowMode=1   baseIntent=Intent { act=android.intent.action.MAIN flag=268435456 cmp=ComponentInfo{com.mwarrc.pocketscore/com.mwarrc.pocketscore.MainActivity} }
                                                                                                     mainTaskId=4527   userId=0   windowMode=1   baseIntent=Intent { act=null flag=268435456 cmp=ComponentInfo{com.whatsapp/com.whatsapp.home.ui.HomeActivity} }
                                                                                                     mainTaskId=4518   userId=0   windowMode=1   baseIntent=Intent { act=android.intent.action.MAIN flag=270532608 cmp=ComponentInfo{com.instagram.android/com.instagram.android.activity.MainTabActivity} }
                                                                                                     mainTaskId=4519   userId=0   windowMode=1   baseIntent=Intent { act=android.intent.action.MAIN flag=270532608 cmp=ComponentInfo{com.twitter.android/com.twitter.android.StartActivity} }
                                                                                                     mainTaskId=4517   userId=0   windowMode=1   baseIntent=Intent { act=android.intent.action.MAIN flag=270532608 cmp=ComponentInfo{com.openai.chatgpt/com.openai.chatgpt.MainActivity} }
2026-02-14 11:03:37.466  2517-4200  ActivityManagerWrapper  com.miui.home                        E  getRecentTasksForceIncludingTaskIdIfValid: getRecentTasks: size=5
                                                                                                     mainTaskId=4540   userId=0   windowMode=1   baseIntent=Intent { act=android.intent.action.MAIN flag=268435456 cmp=ComponentInfo{com.mwarrc.pocketscore/com.mwarrc.pocketscore.MainActivity} }
                                                                                                     mainTaskId=4527   userId=0   windowMode=1   baseIntent=Intent { act=null flag=268435456 cmp=ComponentInfo{com.whatsapp/com.whatsapp.home.ui.HomeActivity} }
                                                                                                     mainTaskId=4518   userId=0   windowMode=1   baseIntent=Intent { act=android.intent.action.MAIN flag=270532608 cmp=ComponentInfo{com.instagram.android/com.instagram.android.activity.MainTabActivity} }
                                                                                                     mainTaskId=4519   userId=0   windowMode=1   baseIntent=Intent { act=android.intent.action.MAIN flag=270532608 cmp=ComponentInfo{com.twitter.android/com.twitter.android.StartActivity} }
                                                                                                     mainTaskId=4517   userId=0   windowMode=1   baseIntent=Intent { act=android.intent.action.MAIN flag=270532608 cmp=ComponentInfo{com.openai.chatgpt/com.openai.chatgpt.MainActivity} }
2026-02-14 11:03:38.519  4902-4902  Zygote                  pid-4902                             E  process_name_ptr:4902 com.mwarrc.pocketscore
2026-02-14 11:03:38.519  4902-4902  Zygote                  pid-4902                             E  SetMemoryProtected process_name_ptr:4902 com.mwarrc.pocketscore
2026-02-14 11:03:38.525  2517-4200  ActivityManagerWrapper  com.miui.home                        E  getRecentTasksForceIncludingTaskIdIfValid: getRecentTasks: size=5
                                                                                                     mainTaskId=4541   userId=0   windowMode=1   baseIntent=Intent { act=android.intent.action.MAIN flag=268435456 cmp=ComponentInfo{com.mwarrc.pocketscore/com.mwarrc.pocketscore.MainActivity} }
                                                                                                     mainTaskId=4527   userId=0   windowMode=1   baseIntent=Intent { act=null flag=268435456 cmp=ComponentInfo{com.whatsapp/com.whatsapp.home.ui.HomeActivity} }
                                                                                                     mainTaskId=4518   userId=0   windowMode=1   baseIntent=Intent { act=android.intent.action.MAIN flag=270532608 cmp=ComponentInfo{com.instagram.android/com.instagram.android.activity.MainTabActivity} }
                                                                                                     mainTaskId=4519   userId=0   windowMode=1   baseIntent=Intent { act=android.intent.action.MAIN flag=270532608 cmp=ComponentInfo{com.twitter.android/com.twitter.android.StartActivity} }
                                                                                                     mainTaskId=4517   userId=0   windowMode=1   baseIntent=Intent { act=android.intent.action.MAIN flag=270532608 cmp=ComponentInfo{com.openai.chatgpt/com.openai.chatgpt.MainActivity} }
2026-02-14 11:03:38.545  2517-4200  ActivityManagerWrapper  com.miui.home                        E  getRecentTasksForceIncludingTaskIdIfValid: getRecentTasks: size=5
                                                                                                     mainTaskId=4541   userId=0   windowMode=1   baseIntent=Intent { act=android.intent.action.MAIN flag=268435456 cmp=ComponentInfo{com.mwarrc.pocketscore/com.mwarrc.pocketscore.MainActivity} }
                                                                                                     mainTaskId=4527   userId=0   windowMode=1   baseIntent=Intent { act=null flag=268435456 cmp=ComponentInfo{com.whatsapp/com.whatsapp.home.ui.HomeActivity} }
                                                                                                     mainTaskId=4518   userId=0   windowMode=1   baseIntent=Intent { act=android.intent.action.MAIN flag=270532608 cmp=ComponentInfo{com.instagram.android/com.instagram.android.activity.MainTabActivity} }
                                                                                                     mainTaskId=4519   userId=0   windowMode=1   baseIntent=Intent { act=android.intent.action.MAIN flag=270532608 cmp=ComponentInfo{com.twitter.android/com.twitter.android.StartActivity} }
                                                                                                     mainTaskId=4517   userId=0   windowMode=1   baseIntent=Intent { act=android.intent.action.MAIN flag=270532608 cmp=ComponentInfo{com.openai.chatgpt/com.openai.chatgpt.MainActivity} }
2026-02-14 11:03:38.627  2517-4200  ActivityManagerWrapper  com.miui.home                        E  getRecentTasksForceIncludingTaskIdIfValid: getRecentTasks: size=5
                                                                                                     mainTaskId=4541   userId=0   windowMode=1   baseIntent=Intent { act=android.intent.action.MAIN flag=268435456 cmp=ComponentInfo{com.mwarrc.pocketscore/com.mwarrc.pocketscore.MainActivity} }
                                                                                                     mainTaskId=4527   userId=0   windowMode=1   baseIntent=Intent { act=null flag=268435456 cmp=ComponentInfo{com.whatsapp/com.whatsapp.home.ui.HomeActivity} }
                                                                                                     mainTaskId=4518   userId=0   windowMode=1   baseIntent=Intent { act=android.intent.action.MAIN flag=270532608 cmp=ComponentInfo{com.instagram.android/com.instagram.android.activity.MainTabActivity} }
                                                                                                     mainTaskId=4519   userId=0   windowMode=1   baseIntent=Intent { act=android.intent.action.MAIN flag=270532608 cmp=ComponentInfo{com.twitter.android/com.twitter.android.StartActivity} }
                                                                                                     mainTaskId=4517   userId=0   windowMode=1   baseIntent=Intent { act=android.intent.action.MAIN flag=270532608 cmp=ComponentInfo{com.openai.chatgpt/com.openai.chatgpt.MainActivity} }
2026-02-14 11:03:39.239  2517-4200  ActivityManagerWrapper  com.miui.home                        E  getRecentTasksForceIncludingTaskIdIfValid: getRecentTasks: size=5
                                                                                                     mainTaskId=4541   userId=0   windowMode=1   baseIntent=Intent { act=android.intent.action.MAIN flag=268435456 cmp=ComponentInfo{com.mwarrc.pocketscore/com.mwarrc.pocketscore.MainActivity} }
                                                                                                     mainTaskId=4527   userId=0   windowMode=1   baseIntent=Intent { act=null flag=268435456 cmp=ComponentInfo{com.whatsapp/com.whatsapp.home.ui.HomeActivity} }
                                                                                                     mainTaskId=4518   userId=0   windowMode=1   baseIntent=Intent { act=android.intent.action.MAIN flag=270532608 cmp=ComponentInfo{com.instagram.android/com.instagram.android.activity.MainTabActivity} }
                                                                                                     mainTaskId=4519   userId=0   windowMode=1   baseIntent=Intent { act=android.intent.action.MAIN flag=270532608 cmp=ComponentInfo{com.twitter.android/com.twitter.android.StartActivity} }
                                                                                                     mainTaskId=4517   userId=0   windowMode=1   baseIntent=Intent { act=android.intent.action.MAIN flag=270532608 cmp=ComponentInfo{com.openai.chatgpt/com.openai.chatgpt.MainActivity} }
---------------------------- PROCESS STARTED (4902) for package com.mwarrc.pocketscore ----------------------------
2026-02-14 11:03:39.483  4902-4902  ActivityThread          com.mwarrc.pocketscore               D  setEmbeddedParam packageName=com.mwarrc.pocketscore processName=com.mwarrc.pocketscore isEmbedded=false isIsolated=false
2026-02-14 11:03:40.613  4902-4902  nativeloader            com.mwarrc.pocketscore               D  Configuring clns-7 for other apk /data/app/~~9SnATUj2vnY2-dP5ucoy6A==/com.mwarrc.pocketscore-y7wFganDxDt5Ok7_6rUvbw==/base.apk. target_sdk_version=36, uses_libraries=, library_path=/data/app/~~9SnATUj2vnY2-dP5ucoy6A==/com.mwarrc.pocketscore-y7wFganDxDt5Ok7_6rUvbw==/lib/arm64:/data/app/~~9SnATUj2vnY2-dP5ucoy6A==/com.mwarrc.pocketscore-y7wFganDxDt5Ok7_6rUvbw==/base.apk!/lib/arm64-v8a, permitted_path=/data:/mnt/expand:/data/user/0/com.mwarrc.pocketscore
2026-02-14 11:03:40.630  4902-4902  GraphicsEnvironment     com.mwarrc.pocketscore               V  Currently set values for:
2026-02-14 11:03:40.631  4902-4902  GraphicsEnvironment     com.mwarrc.pocketscore               V    angle_gl_driver_selection_pkgs=[]
2026-02-14 11:03:40.631  4902-4902  GraphicsEnvironment     com.mwarrc.pocketscore               V    angle_gl_driver_selection_values=[]
2026-02-14 11:03:40.631  4902-4902  GraphicsEnvironment     com.mwarrc.pocketscore               V  Global.Settings values are invalid: number of packages: 0, number of values: 0
2026-02-14 11:03:40.631  4902-4902  GraphicsEnvironment     com.mwarrc.pocketscore               V  Neither updatable production driver nor prerelease driver is supported.
2026-02-14 11:03:40.633  4902-4952  ActivityThread          com.mwarrc.pocketscore               I  TrafficStats init done
2026-02-14 11:03:40.640  4902-4952  ForceDarkHelperStubImpl com.mwarrc.pocketscore               I  initialize for com.mwarrc.pocketscore , ForceDarkAppConfig: null
2026-02-14 11:03:40.643  4902-4952  nativeloader            com.mwarrc.pocketscore               D  Load libforcedarkimpl.so using system ns (caller=/system_ext/framework/miui-framework.jar): ok
2026-02-14 11:03:40.643  4902-4952  HWUI                    com.mwarrc.pocketscore               D  JNI_OnLoad success
2026-02-14 11:03:40.643  4902-4952  MiuiForceDarkConfig     com.mwarrc.pocketscore               I  setConfig density:2.750000, mainRule:0, secondaryRule:0, tertiaryRule:0
2026-02-14 11:03:40.649  4902-4952  ActivityThread          com.mwarrc.pocketscore               I  Miui Feature Init done
2026-02-14 11:03:40.706  4902-4902  FirebaseSessions        com.mwarrc.pocketscore               D  Dependency to CRASHLYTICS added.
2026-02-14 11:03:40.717  4902-4902  FirebaseApp             com.mwarrc.pocketscore               I  Device unlocked: initializing all Firebase APIs for app [DEFAULT]
2026-02-14 11:03:40.774  4902-4902  nativeloader            com.mwarrc.pocketscore               D  Load /data/app/~~9SnATUj2vnY2-dP5ucoy6A==/com.mwarrc.pocketscore-y7wFganDxDt5Ok7_6rUvbw==/base.apk!/lib/arm64-v8a/libdatastore_shared_counter.so using class loader ns clns-7 (caller=/data/app/~~9SnATUj2vnY2-dP5ucoy6A==/com.mwarrc.pocketscore-y7wFganDxDt5Ok7_6rUvbw==/base.apk!classes16.dex): ok
2026-02-14 11:03:40.826  4902-4902  FirebaseSessions        com.mwarrc.pocketscore               D  Initializing Firebase Sessions 3.0.4.
2026-02-14 11:03:40.834  4902-4902  FirebaseCrashlytics     com.mwarrc.pocketscore               I  Initializing Firebase Crashlytics 20.0.4 for com.mwarrc.pocketscore
2026-02-14 11:03:40.881  4902-4902  FirebaseSessions        com.mwarrc.pocketscore               D  Subscriber CRASHLYTICS registered.
2026-02-14 11:03:40.883  4902-4999  FirebaseSessions        com.mwarrc.pocketscore               D  Notified CRASHLYTICS of new session 13009d2fe1b5467eb16a58c8e766c782
2026-02-14 11:03:40.942  4902-5003  rrc.pocketscore         com.mwarrc.pocketscore               W  ClassLoaderContext classpath size mismatch. expected=1, found=0 (DLC[];PCL[base.apk*3045686230]{PCL[/system/framework/org.apache.http.legacy.jar*4025584831]#PCL[/system/framework/com.android.location.provider.jar*3414091812]#PCL[/system/framework/com.android.media.remotedisplay.jar*2042759013]#PCL[/system_ext/framework/androidx.window.extensions.jar*3622430006]#PCL[/system_ext/framework/androidx.window.sidecar.jar*2958050178]} | DLC[];PCL[])
2026-02-14 11:03:40.950  4902-5003  DynamiteModule          com.mwarrc.pocketscore               I  Considering local module com.google.android.gms.measurement.dynamite:155 and remote module com.google.android.gms.measurement.dynamite:175
2026-02-14 11:03:40.950  4902-5003  DynamiteModule          com.mwarrc.pocketscore               I  Selected remote version of com.google.android.gms.measurement.dynamite, version >= 175
2026-02-14 11:03:40.950  4902-5003  DynamiteModule          com.mwarrc.pocketscore               V  Dynamite loader version >= 2, using loadModule2NoCrashUtils
2026-02-14 11:03:40.959  4902-4902  FirebaseInitProvider    com.mwarrc.pocketscore               I  FirebaseApp initialization successful
2026-02-14 11:03:40.959  4902-4902  ContentProvider         com.mwarrc.pocketscore               I  com.mwarrc.pocketscore.firebaseinitprovider onCreate use 310 ms!
2026-02-14 11:03:40.983  4902-5003  System                  com.mwarrc.pocketscore               W  ClassLoader referenced unknown path: 
2026-02-14 11:03:40.986  4902-5003  nativeloader            com.mwarrc.pocketscore               D  Configuring clns-8 for other apk . target_sdk_version=36, uses_libraries=, library_path=/data/app/~~zOga_vvK_OhgeVbi---tWA==/com.google.android.gms-xaZVFTCZmNzwhbeJWbbpnA==/lib/arm64:/data/app/~~zOga_vvK_OhgeVbi---tWA==/com.google.android.gms-xaZVFTCZmNzwhbeJWbbpnA==/base.apk!/lib/arm64-v8a, permitted_path=/data:/mnt/expand:/data/user/0/com.google.android.gms
2026-02-14 11:03:40.993  4902-4995  FirebaseCrashlytics     com.mwarrc.pocketscore               I  No version control information found
2026-02-14 11:03:41.020  4902-4902  FileUtils               com.mwarrc.pocketscore               E  err write to mi_exception_log
2026-02-14 11:03:41.021  4902-4902  libc                    com.mwarrc.pocketscore               W  Access denied finding property "ro.vendor.perf.scroll_opt"
2026-02-14 11:03:41.038  4902-4902  nativeloader            com.mwarrc.pocketscore               D  Load libpowerhalwrap_jni.so using system ns (caller=/system_ext/framework/mediatek-framework.jar): ok
2026-02-14 11:03:41.040  4902-4902  PowerHalWrapper         com.mwarrc.pocketscore               I  PowerHalWrapper.getInstance 
2026-02-14 11:03:41.042  4902-4902  M-ProMotion             com.mwarrc.pocketscore               I  M-ProMotion is disabled
2026-02-14 11:03:41.050  4902-4902  FramePredict            com.mwarrc.pocketscore               D  FramePredict init: false
2026-02-14 11:03:41.050  4902-5003  rrc.pocketscore         com.mwarrc.pocketscore               W  ClassLoaderContext classpath size mismatch. expected=1, found=3 (DLC[];PCL[base.apk*3045686230]{PCL[/system/framework/org.apache.http.legacy.jar*4025584831]#PCL[/system/framework/com.android.location.provider.jar*3414091812]#PCL[/system/framework/com.android.media.remotedisplay.jar*2042759013]#PCL[/system_ext/framework/androidx.window.extensions.jar*3622430006]#PCL[/system_ext/framework/androidx.window.sidecar.jar*2958050178]} | DLC[];PCL[/data/data/com.mwarrc.pocketscore/code_cache/.overlay/base.apk/classes6.dex*2008702099:/data/data/com.mwarrc.pocketscore/code_cache/.overlay/base.apk/classes8.dex*3729537231:/data/app/~~9SnATUj2vnY2-dP5ucoy6A==/com.mwarrc.pocketscore-y7wFganDxDt5Ok7_6rUvbw==/base.apk*1586700206])
2026-02-14 11:03:41.058  4902-4952  ActivityThread          com.mwarrc.pocketscore               I  HardwareRenderer preload  done
2026-02-14 11:03:41.061  4902-5016  vulkan                  com.mwarrc.pocketscore               D  searching for layers in '/data/app/~~9SnATUj2vnY2-dP5ucoy6A==/com.mwarrc.pocketscore-y7wFganDxDt5Ok7_6rUvbw==/lib/arm64'
2026-02-14 11:03:41.062  4902-5016  vulkan                  com.mwarrc.pocketscore               D  searching for layers in '/data/app/~~9SnATUj2vnY2-dP5ucoy6A==/com.mwarrc.pocketscore-y7wFganDxDt5Ok7_6rUvbw==/base.apk!/lib/arm64-v8a'
2026-02-14 11:03:41.064  4902-5016  vulkan                  com.mwarrc.pocketscore               D  searching for layers in '/data/app/~~9SnATUj2vnY2-dP5ucoy6A==/com.mwarrc.pocketscore-y7wFganDxDt5Ok7_6rUvbw==/lib/arm64'
2026-02-14 11:03:41.065  4902-5016  vulkan                  com.mwarrc.pocketscore               D  searching for layers in '/data/app/~~9SnATUj2vnY2-dP5ucoy6A==/com.mwarrc.pocketscore-y7wFganDxDt5Ok7_6rUvbw==/base.apk!/lib/arm64-v8a'
2026-02-14 11:03:41.077  4902-5016  MMUD                    com.mwarrc.pocketscore               D  mtk_memory_debug_init com.mwarrc.pocketscore 0xb4000073e9eb35d0
2026-02-14 11:03:41.125  4902-4902  libc                    com.mwarrc.pocketscore               W  Access denied finding property "persist.vendor.camera.IsVariableApertureSupported"
2026-02-14 11:03:41.125  4902-4902  libc                    com.mwarrc.pocketscore               W  Access denied finding property "persist.vendor.camera.IsStreetModeSupported"
2026-02-14 11:03:41.179  4902-5019  MMUD                    com.mwarrc.pocketscore               D  get_leak_baseline 3246391296
2026-02-14 11:03:41.185  4902-5031  rrc.pocketscore         com.mwarrc.pocketscore               I  hiddenapi: Accessing hidden method Ldalvik/system/VMStack;->getStackClass2()Ljava/lang/Class; (runtime_flags=0, domain=core-platform, api=unsupported) from Lm7/aou; (domain=app, TargetSdkVersion=36) using reflection: allowed
2026-02-14 11:03:41.207  4902-5030  rrc.pocketscore         com.mwarrc.pocketscore               E  No package ID 6a found for resource ID 0x6a0b0013.
2026-02-14 11:03:41.208  4902-4902  FirebaseSessions        com.mwarrc.pocketscore               D  App foregrounded on com.mwarrc.pocketscore
2026-02-14 11:03:41.208  4902-4902  FirebaseSessions        com.mwarrc.pocketscore               D  Session 13009d2fe1b5467eb16a58c8e766c782 has not backgrounded yet
2026-02-14 11:03:41.208  4902-4902  FirebaseSessions        com.mwarrc.pocketscore               D  Process com.mwarrc.pocketscore is stale
2026-02-14 11:03:41.209  4902-5030  FA                      com.mwarrc.pocketscore               I  App measurement initialized, version: 151001
2026-02-14 11:03:41.209  4902-5030  FA                      com.mwarrc.pocketscore               I  To enable debug logging run: adb shell setprop log.tag.FA VERBOSE
2026-02-14 11:03:41.210  4902-5030  FA                      com.mwarrc.pocketscore               I  Faster debug mode event logging enabled. To disable, run:
                                                                                                      adb shell setprop debug.firebase.analytics.app .none.
2026-02-14 11:03:41.215  4902-4902  libc                    com.mwarrc.pocketscore               W  Access denied finding property "ro.vendor.df.effect.conflict"
2026-02-14 11:03:41.215  4902-5002  FirebaseSessions        com.mwarrc.pocketscore               D  Session 13009d2fe1b5467eb16a58c8e766c782 has not backgrounded yet
2026-02-14 11:03:41.217  4902-5002  FirebaseSessions        com.mwarrc.pocketscore               D  Cold app start detected
2026-02-14 11:03:41.217  4902-5002  FirebaseSessions        com.mwarrc.pocketscore               D  Process com.mwarrc.pocketscore is stale
2026-02-14 11:03:41.218  4902-4902  SecurityManager         com.mwarrc.pocketscore               D  checkAccessControl flag0
2026-02-14 11:03:41.224  4902-5014  PowerHalWrapper         com.mwarrc.pocketscore               I  PowerHalWrapper.getInstance 
2026-02-14 11:03:41.230  4902-4902  SurfaceFactory          com.mwarrc.pocketscore               I  [static] sSurfaceFactory = com.mediatek.view.impl.SurfaceFactoryImpl@d09e070
2026-02-14 11:03:41.235  4902-4998  FirebaseSessions        com.mwarrc.pocketscore               D  Notified CRASHLYTICS of new session 398d0a426b2d429b93e8a8d6dbe287be
2026-02-14 11:03:41.240  4902-4995  FirebaseSessions        com.mwarrc.pocketscore               D  Session Event Type: SESSION_START
2026-02-14 11:03:41.240  4902-4995  FirebaseSessions        com.mwarrc.pocketscore               D  Successfully logged Session Start event.
2026-02-14 11:03:41.245  4902-4902  MiuiCamera...redManager com.mwarrc.pocketscore               D  java.lang.NullPointerException: Attempt to invoke virtual method 'java.lang.String android.provider.MiuiSettings$SettingsCloudData$CloudData.getString(java.lang.String, java.lang.String)' on a null object reference
2026-02-14 11:03:41.246  4902-4902  FramePredict            com.mwarrc.pocketscore               D  init success
2026-02-14 11:03:41.248  4902-5033  FramePredict            com.mwarrc.pocketscore               E  registerContentObserver fail
2026-02-14 11:03:41.251  4902-4902  HWUI                    com.mwarrc.pocketscore               W  Unknown dataspace 0
2026-02-14 11:03:41.252  4902-5016  libc                    com.mwarrc.pocketscore               W  Access denied finding property "ro.vendor.display.iris_x7.support"
2026-02-14 11:03:41.258  4902-4902  ForceDarkHelperStubImpl com.mwarrc.pocketscore               I  setViewRootImplForceDark: false for com.mwarrc.pocketscore.MainActivity@bf36fb2, reason: AppDarkModeEnable
2026-02-14 11:03:41.258  4902-4902  VRI[MainActivity]       com.mwarrc.pocketscore               D  hardware acceleration = true, forceHwAccelerated = false
2026-02-14 11:03:41.275  4902-4902  MiuiMultiWindowUtils    com.mwarrc.pocketscore               D  freeform resolution args raw data:{  "wide_default":{    "freeform_args": {        "vertical_portrait":{"aspect_ratio":0.626, "original_ratio":0.5643,"original_scale":0.74,"top_margin":0.168,"left_margin":0.484},        "horizontal_portrait":{"aspect_ratio":0.626, "original_ratio":0.5643,"original_scale":0.74,"top_margin":0.1222,"left_margin":0.59745},        "vertical_landscape":{"aspect_ratio":1.6, "original_ratio":1,"original_scale":0.604,"top_margin":0.2596,"left_margin":0.2624},        "horizontal_landscape":{"aspect_ratio":1.6, "original_ratio":1,"original_scale":0.604,"top_margin":0.213,"left_margin":0.3758}    },    "mini_freeform_args":{        "vertical_portrait":{"original_ratio":0.147},        "horizontal_portrait":{"original_ratio":0.147},        "vertical_landscape":{"original_ratio":0.165},        "horizontal_landscape":{"original_ratio":0.165}    }  },  "narrow_default": {    "freeform_args": {        "vertical_portrait":{"aspect_ratio":0.626, "original_ratio":1,"original_scale":0.74,"top_margin":0.0753,"left_margin":-1},        "horizontal_portrait":{"aspect_ratio":0.626, "original_ratio":1,"original_scale":0.5756,"top_margin":-1,"left_margin":0.0753},        "vertical_landscape":{"aspect_ratio":1.6, "original_ratio":0.6847,"original_scale":0.587,"top_margin":0.0753,"left_margin":-1},        "horizontal_landscape":{"aspect_ratio":1.6, "original_ratio":0.6847,"original_scale":0.587,"top_margin":-1,"left_margin":0.0753}    },    "mini_freeform_args":{        "vertical_portrait":{"original_ratio":0.26},        "horizontal_portrait":{"original_ratio":0.26},        "vertical_landscape":{"original_ratio":0.293},        "horizontal_landscape":{"original_ratio":0.293}    }  },  "regular_default": {    "freeform_args": {      "vertical_portrait":{"aspect_ratio":0.625, "original_ratio":1,"original_scale":0.7,"top_margin":0.109,"left_margin":-1},      "horizontal_portrait":{"aspect_ratio":0.6667, "original_ratio":1,"original_scale":0.6102,"top_margin":-1,"left_margin":0.026},      "vertical_landscape":{"aspect_ratio":1.6, "original_ratio":1,"original_scale":0.4244,"top_margin":0.109,"left_margin":-1},      "horizontal_landscape":{"aspect_ratio":1.6, "original_ratio":1,"original_scale":0.4244,"top_margin":-1,"left_margin":0.026}    },    "mini_freeform_args":{      "vertical_portrait":{"original_ratio":0.25},      "horizontal_portrait":{"original_ratio":0.25},      "vertical_landscape":{"original_ratio":0.25},      "horizontal_landscape":{"original_ratio":0.25}    }  },  "pad_default": {    "freeform_args": {      "vertical_portrait":{"aspect_ratio":0.5625, "original_ratio":0.375,"original_scale":0.835,"top_margin":0.049,"left_margin":0.2775},      "horizontal_portrait":{"aspect_ratio":0.5625, "original_ratio":0.375,"original_scale":0.835,"top_margin":-1,"left_margin":0.6525},      "vertical_landscape":{"aspect_ratio":-1, "original_ratio":1,"original_scale":0.468,"top_margin":0.049,"left_margin":-1},      "horizontal_landscape":{"aspect_ratio":-1, "original_ratio":1,"original_scale":0.468,"top_margin":-1,"left_margin":0.4976}    },    "mini_freeform_args":{      "vertical_portrait":{"original_ratio":0.144},      "horizontal_portrait":{"original_ratio":0.144},      "vertical_landscape":{"original_ratio":0.2},      "horizontal_landscape":{"original_ratio":0.2}    }  }}
2026-02-14 11:03:41.275  4902-4902  MiuiMultiWindowUtils    com.mwarrc.pocketscore               D  initFreeFormResolutionArgs failed, device is fire
2026-02-14 11:03:41.276  4902-4902  IS_CTS_MODE             com.mwarrc.pocketscore               D  false
2026-02-14 11:03:41.276  4902-4902  MULTI_WIND...CH_ENABLED com.mwarrc.pocketscore               D  false
2026-02-14 11:03:41.289  4902-5030  FA                      com.mwarrc.pocketscore               I  Tag Manager is not found and thus will not be used
2026-02-14 11:03:41.303  4902-4902  InputEventReceiver      com.mwarrc.pocketscore               D  Input log is disabled in InputEventReceiver.
2026-02-14 11:03:41.306  4902-4902  FileUtils               com.mwarrc.pocketscore               E  err write to mi_exception_log
2026-02-14 11:03:41.312  4902-4902  DecorViewImmersiveImpl  com.mwarrc.pocketscore               D  onAttachedToWindow:com.mwarrc.pocketscore/com.mwarrc.pocketscore.MainActivity
2026-02-14 11:03:41.584  4902-4902  rrc.pocketscore         com.mwarrc.pocketscore               I  hiddenapi: Accessing hidden method Landroid/os/SystemProperties;->addChangeCallback(Ljava/lang/Runnable;)V (runtime_flags=0, domain=platform, api=unsupported) from Landroidx/compose/ui/platform/AndroidComposeView$Companion; (domain=app, TargetSdkVersion=36) using reflection: allowed
2026-02-14 11:03:42.038  4902-4902  BufferQueueConsumer     com.mwarrc.pocketscore               D  [](id:132600000000,api:0,p:-1,c:4902) connect: controlledByApp=false
2026-02-14 11:03:42.040  4902-4902  BLASTBufferQueue        com.mwarrc.pocketscore               D  [VRI[MainActivity]#0](f:0,a:0) constructor()
2026-02-14 11:03:42.040  4902-4902  BLASTBufferQueue        com.mwarrc.pocketscore               D  [VRI[MainActivity]#0](f:0,a:0) update width=1080 height=2460 format=-1 mTransformHint=0
2026-02-14 11:03:42.091  4902-4902  VRI[MainActivity]       com.mwarrc.pocketscore               D  vri.reportNextDraw android.view.ViewRootImpl.performTraversals:4984 android.view.ViewRootImpl.doTraversal:3564 android.view.ViewRootImpl$TraversalRunnable.run:11781 android.view.Choreographer$CallbackRecord.run:1809 android.view.Choreographer$CallbackRecord.run:1818 
2026-02-14 11:03:42.091  4902-4902  VRI[MainActivity]       com.mwarrc.pocketscore               D  Setup new sync=wmsSync-VRI[MainActivity]#0
2026-02-14 11:03:42.094  4902-4902  UserSceneDetector       com.mwarrc.pocketscore               D  invoke error.
2026-02-14 11:03:42.131  4902-5016  HWUI                    com.mwarrc.pocketscore               D  makeCurrent grContext:0xb40000730609f0d0 reset mTextureAvailable
2026-02-14 11:03:42.134  4902-5016  rrc.pocketscore         com.mwarrc.pocketscore               D  MiuiProcessManagerServiceStub setSchedFifo
2026-02-14 11:03:42.134  4902-5016  MiuiProcessManagerImpl  com.mwarrc.pocketscore               I  setSchedFifo pid:4902, mode:3
2026-02-14 11:03:42.135  4902-5016  MAGT_SYNC_FRAME         com.mwarrc.pocketscore               D  MAGT Sync: MAGT is not supported. Disabling Sync.
2026-02-14 11:03:42.135  4902-5016  rrc.pocketscore         com.mwarrc.pocketscore               D  Can't load libmbrainSDK
2026-02-14 11:03:42.138  4902-5016  GrallocExtra            com.mwarrc.pocketscore               I  gralloc_extra_query:is_SW3D 0
2026-02-14 11:03:42.149  4902-5016  libc                    com.mwarrc.pocketscore               W  Access denied finding property "ro.vendor.display.iris_x7.support"
2026-02-14 11:03:42.175  4902-5016  LB                      com.mwarrc.pocketscore               E  fail to open file: No such file or directory
2026-02-14 11:03:42.175  4902-5016  LB                      com.mwarrc.pocketscore               E  fail to open node: No such file or directory
2026-02-14 11:03:42.175  4902-5016  LB                      com.mwarrc.pocketscore               E  fail to open node: No such file or directory
2026-02-14 11:03:42.175  4902-5016  GrallocExtra            com.mwarrc.pocketscore               I  gralloc_extra_query:is_SW3D 0
2026-02-14 11:03:42.176  4902-5016  libc                    com.mwarrc.pocketscore               W  Access denied finding property "ro.vendor.display.iris_x7.support"
2026-02-14 11:03:42.176  4902-5016  BLASTBufferQueue        com.mwarrc.pocketscore               D  [VRI[MainActivity]#0](f:0,a:1) acquireNextBufferLocked size=1080x2460 mFrameNumber=1 applyTransaction=true mTimestamp=497319863539334(auto) mPendingTransactions.size=0 graphicBufferId=21053929684997 transform=0
2026-02-14 11:03:42.176  4902-5016  rrc.pocketscore         com.mwarrc.pocketscore               D  Can't load libmbrainSDK
2026-02-14 11:03:42.178  4902-4902  VRI[MainActivity]       com.mwarrc.pocketscore               D  vri.reportDrawFinished
2026-02-14 11:03:42.179  4902-4902  FileUtils               com.mwarrc.pocketscore               E  err write to mi_exception_log
2026-02-14 11:03:42.180  4902-4902  FileUtils               com.mwarrc.pocketscore               E  err write to mi_exception_log
2026-02-14 11:03:42.184  4902-4902  FileUtils               com.mwarrc.pocketscore               E  err write to mi_exception_log
2026-02-14 11:03:42.197  4902-4902  Choreographer           com.mwarrc.pocketscore               I  Skipped 50 frames!  The application may be doing too much work on its main thread.
2026-02-14 11:03:42.197  4902-4902  UserSceneDetector       com.mwarrc.pocketscore               D  invoke error.
2026-02-14 11:03:42.207  4902-4924  HWUI                    com.mwarrc.pocketscore               I  Davey! duration=908ms; Flags=1, FrameTimelineVsyncId=88312676, IntendedVsync=497318956690301, Vsync=497318989970487, InputEventId=0, HandleInputStart=497318997219103, AnimationStart=497318997242795, PerformTraversalsStart=497318997259641, DrawStart=497319783242795, FrameDeadline=497318976690301, FrameInterval=497318996972641, FrameStartTime=16640093, SyncQueued=497319819298411, SyncStart=497319819588949, IssueDrawCommandsStart=497319823342411, SwapBuffers=497319861336334, FrameCompleted=497319865342103, DequeueBufferDuration=29923, QueueBufferDuration=906154, GpuCompleted=497319862875949, SwapBuffersCompleted=497319865342103, DisplayPresentTime=0, CommandSubmissionCompleted=497319861336334, 
2026-02-14 11:03:42.217  4902-4902  FileUtils               com.mwarrc.pocketscore               E  err write to mi_exception_log
2026-02-14 11:03:42.335  4902-4912  rrc.pocketscore         com.mwarrc.pocketscore               I  Compiler allocated 6783KB to compile void android.view.ViewRootImpl.performTraversals()
2026-02-14 11:03:43.033  4902-4902  FileUtils               com.mwarrc.pocketscore               E  err write to mi_exception_log
2026-02-14 11:03:43.111  4902-5074  DynamiteModule          com.mwarrc.pocketscore               W  Local module descriptor class for com.google.android.gms.providerinstaller.dynamite not found.
2026-02-14 11:03:43.116  4902-5074  DynamiteModule          com.mwarrc.pocketscore               I  Considering local module com.google.android.gms.providerinstaller.dynamite:0 and remote module com.google.android.gms.providerinstaller.dynamite:0
2026-02-14 11:03:43.117  4902-5074  ProviderInstaller       com.mwarrc.pocketscore               W  Failed to load providerinstaller module: No acceptable module com.google.android.gms.providerinstaller.dynamite found. Local version is 0 and remote version is 0.
2026-02-14 11:03:43.119  4902-5074  ApplicationLoaders      com.mwarrc.pocketscore               D  Returning zygote-cached class loader: /system/framework/org.apache.http.legacy.jar
2026-02-14 11:03:43.130  4902-5074  rrc.pocketscore         com.mwarrc.pocketscore               W  Loading /data/misc/apexdata/com.android.art/dalvik-cache/arm64/system@framework@com.android.location.provider.jar@classes.odex non-executable as it requires an image which we failed to load
2026-02-14 11:03:43.135  4902-5074  nativeloader            com.mwarrc.pocketscore               D  Configuring clns-9 for other apk /system/framework/com.android.location.provider.jar. target_sdk_version=36, uses_libraries=ALL, library_path=/data/app/~~zOga_vvK_OhgeVbi---tWA==/com.google.android.gms-xaZVFTCZmNzwhbeJWbbpnA==/lib/arm64:/data/app/~~zOga_vvK_OhgeVbi---tWA==/com.google.android.gms-xaZVFTCZmNzwhbeJWbbpnA==/base.apk!/lib/arm64-v8a, permitted_path=/data:/mnt/expand:/data/user/0/com.google.android.gms
2026-02-14 11:03:43.135  4902-5074  nativeloader            com.mwarrc.pocketscore               D  Extending system_exposed_libraries: libapuwareapusys.mtk.so:libapuwareapusys_v2.mtk.so:libapuwarexrp.mtk.so:libapuwarexrp_v2.mtk.so:libapuwareutils.mtk.so:libapuwareutils_v2.mtk.so:libapuwarehmp.mtk.so:libneuron_graph_delegate.mtk.so:libneuronusdk_adapter.mtk.so:libtflite_mtk.mtk.so:libarmnn_ndk.mtk.so:libcmdl_ndk.mtk.so:libnir_neon_driver_ndk.mtk.so:libmvpu_runtime.mtk.so:libmvpu_runtime_pub.mtk.so:libmvpu_engine_pub.mtk.so:libmvpu_pattern_pub.mtk.so:libmvpuop_mtk_cv.mtk.so:libmvpuop_mtk_nn.mtk.so:libmvpu_runtime_25.mtk.so:libmvpu_runtime_25_pub.mtk.so:libmvpu_engine_25_pub.mtk.so:libmvpu_pattern_25_pub.mtk.so:libmvpuop25_mtk_cv.mtk.so:libmvpuop25_mtk_nn.mtk.so:libmvpu_config.mtk.so:libteeservice_client.trustonic.so:libmisys_jni.xiaomi.so:libpag.hyperos.so:libffavc.hyperos.so
2026-02-14 11:03:43.149  4902-4902  FileUtils               com.mwarrc.pocketscore               E  err write to mi_exception_log
2026-02-14 11:03:43.151  4902-5074  nativeloader            com.mwarrc.pocketscore               D  Configuring clns-10 for other apk /system/framework/com.android.media.remotedisplay.jar. target_sdk_version=36, uses_libraries=ALL, library_path=/data/app/~~zOga_vvK_OhgeVbi---tWA==/com.google.android.gms-xaZVFTCZmNzwhbeJWbbpnA==/lib/arm64:/data/app/~~zOga_vvK_OhgeVbi---tWA==/com.google.android.gms-xaZVFTCZmNzwhbeJWbbpnA==/base.apk!/lib/arm64-v8a, permitted_path=/data:/mnt/expand:/data/user/0/com.google.android.gms
2026-02-14 11:03:43.151  4902-5074  nativeloader            com.mwarrc.pocketscore               D  Extending system_exposed_libraries: libapuwareapusys.mtk.so:libapuwareapusys_v2.mtk.so:libapuwarexrp.mtk.so:libapuwarexrp_v2.mtk.so:libapuwareutils.mtk.so:libapuwareutils_v2.mtk.so:libapuwarehmp.mtk.so:libneuron_graph_delegate.mtk.so:libneuronusdk_adapter.mtk.so:libtflite_mtk.mtk.so:libarmnn_ndk.mtk.so:libcmdl_ndk.mtk.so:libnir_neon_driver_ndk.mtk.so:libmvpu_runtime.mtk.so:libmvpu_runtime_pub.mtk.so:libmvpu_engine_pub.mtk.so:libmvpu_pattern_pub.mtk.so:libmvpuop_mtk_cv.mtk.so:libmvpuop_mtk_nn.mtk.so:libmvpu_runtime_25.mtk.so:libmvpu_runtime_25_pub.mtk.so:libmvpu_engine_25_pub.mtk.so:libmvpu_pattern_25_pub.mtk.so:libmvpuop25_mtk_cv.mtk.so:libmvpuop25_mtk_nn.mtk.so:libmvpu_config.mtk.so:libteeservice_client.trustonic.so:libmisys_jni.xiaomi.so:libpag.hyperos.so:libffavc.hyperos.so
2026-02-14 11:03:43.156  4902-5074  ApplicationLoaders      com.mwarrc.pocketscore               D  Returning zygote-cached class loader: /system_ext/framework/androidx.window.extensions.jar
2026-02-14 11:03:43.156  4902-5074  ApplicationLoaders      com.mwarrc.pocketscore               D  Returning zygote-cached class loader: /system_ext/framework/androidx.window.sidecar.jar
2026-02-14 11:03:43.169  4902-4902  VRI[MainActivity]       com.mwarrc.pocketscore               D  vri.reportNextDraw android.view.ViewRootImpl.handleResized:2771 android.view.ViewRootImpl.-$$Nest$mhandleResized:0 android.view.ViewRootImpl$W.resized:12932 android.app.servertransaction.WindowStateResizeItem.execute:64 android.app.servertransaction.WindowStateTransactionItem.execute:59 
2026-02-14 11:03:43.178  4902-5074  rrc.pocketscore         com.mwarrc.pocketscore               W  Loading /data/app/~~zOga_vvK_OhgeVbi---tWA==/com.google.android.gms-xaZVFTCZmNzwhbeJWbbpnA==/oat/arm64/base.odex non-executable as it requires an image which we failed to load
2026-02-14 11:03:43.189  4902-5074  nativeloader            com.mwarrc.pocketscore               D  Configuring clns-11 for other apk /data/app/~~zOga_vvK_OhgeVbi---tWA==/com.google.android.gms-xaZVFTCZmNzwhbeJWbbpnA==/base.apk. target_sdk_version=36, uses_libraries=, library_path=/data/app/~~zOga_vvK_OhgeVbi---tWA==/com.google.android.gms-xaZVFTCZmNzwhbeJWbbpnA==/lib/arm64:/data/app/~~zOga_vvK_OhgeVbi---tWA==/com.google.android.gms-xaZVFTCZmNzwhbeJWbbpnA==/base.apk!/lib/arm64-v8a, permitted_path=/data:/mnt/expand:/data/user/0/com.google.android.gms
2026-02-14 11:03:43.208  4902-4902  BinderMonitor           com.mwarrc.pocketscore               E  err open binder_delay errno=2
2026-02-14 11:03:43.210  4902-4902  FileUtils               com.mwarrc.pocketscore               E  err write to mi_exception_log
2026-02-14 11:03:43.233  4902-4902  Choreographer           com.mwarrc.pocketscore               I  Skipped 61 frames!  The application may be doing too much work on its main thread.
2026-02-14 11:03:43.233  4902-4902  UserSceneDetector       com.mwarrc.pocketscore               D  invoke error.
2026-02-14 11:03:43.278  4902-4902  ViewRootImplStubImpl    com.mwarrc.pocketscore               D  requestedTypes: 1
2026-02-14 11:03:43.296  4902-4902  VRI[MainActivity]       com.mwarrc.pocketscore               D  Setup new sync=wmsSync-VRI[MainActivity]#2
2026-02-14 11:03:43.316  4902-5016  libc                    com.mwarrc.pocketscore               W  Access denied finding property "ro.vendor.display.iris_x7.support"
2026-02-14 11:03:43.328  4902-4902  VRI[MainActivity]       com.mwarrc.pocketscore               D  vri.reportDrawFinished
2026-02-14 11:03:43.331  4902-4902  FileUtils               com.mwarrc.pocketscore               E  err write to mi_exception_log
2026-02-14 11:03:43.332  4902-4902  FileUtils               com.mwarrc.pocketscore               E  err write to mi_exception_log
2026-02-14 11:03:43.336  4902-4924  HWUI                    com.mwarrc.pocketscore               I  Davey! duration=1117ms; Flags=32, FrameTimelineVsyncId=88312810, IntendedVsync=497319897295425, Vsync=497320912492256, InputEventId=0, HandleInputStart=497320922491411, AnimationStart=497320922496641, PerformTraversalsStart=497320964602488, DrawStart=497320985906411, FrameDeadline=497319917295425, FrameInterval=497320921280949, FrameStartTime=16642571, SyncQueued=497321004326411, SyncStart=497321004431718, IssueDrawCommandsStart=497321005198180, SwapBuffers=497321011921795, FrameCompleted=497321014506180, DequeueBufferDuration=61846, QueueBufferDuration=1287308, GpuCompleted=497321014506180, SwapBuffersCompleted=497321014044026, DisplayPresentTime=0, CommandSubmissionCompleted=497321011921795, 
2026-02-14 11:03:43.338  4902-4902  HandWritingStubImpl     com.mwarrc.pocketscore               I  refreshLastKeyboardType: 1
2026-02-14 11:03:43.340  4902-4902  HandWritingStubImpl     com.mwarrc.pocketscore               I  getCurrentKeyboardType: 1
2026-02-14 11:03:43.408  4902-4902  FileUtils               com.mwarrc.pocketscore               E  err write to mi_exception_log
2026-02-14 11:03:43.417  4902-4902  HandWritingStubImpl     com.mwarrc.pocketscore               I  getCurrentKeyboardType: 1
2026-02-14 11:03:43.419  4902-5016  libc                    com.mwarrc.pocketscore               W  Access denied finding property "ro.vendor.display.iris_x7.support"
2026-02-14 11:03:43.455  4902-5111  GoogleApiManager        com.mwarrc.pocketscore               E  Failed to get service from broker.  (Explain with AI)
                                                                                                    java.lang.SecurityException: Unknown calling package name 'com.google.android.gms'.
                                                                                                    	at android.os.Parcel.createExceptionOrNull(Parcel.java:3256)
                                                                                                    	at android.os.Parcel.createException(Parcel.java:3240)
                                                                                                    	at android.os.Parcel.readException(Parcel.java:3223)
                                                                                                    	at android.os.Parcel.readException(Parcel.java:3165)
                                                                                                    	at bdxh.a(:com.google.android.gms@260235035@26.02.35 (260400-862924022):36)
                                                                                                    	at bdvi.z(:com.google.android.gms@260235035@26.02.35 (260400-862924022):143)
                                                                                                    	at bdbk.run(:com.google.android.gms@260235035@26.02.35 (260400-862924022):42)
                                                                                                    	at android.os.Handler.handleCallback(Handler.java:959)
                                                                                                    	at android.os.Handler.dispatchMessage(Handler.java:100)
                                                                                                    	at crvb.mD(:com.google.android.gms@260235035@26.02.35 (260400-862924022):1)
                                                                                                    	at crvb.dispatchMessage(:com.google.android.gms@260235035@26.02.35 (260400-862924022):5)
                                                                                                    	at android.os.Looper.loopOnce(Looper.java:249)
                                                                                                    	at android.os.Looper.loop(Looper.java:337)
                                                                                                    	at android.os.HandlerThread.run(HandlerThread.java:85)
2026-02-14 11:03:43.456  4902-5111  GoogleApiManager        com.mwarrc.pocketscore               W  Not showing notification since connectionResult is not user-facing: ConnectionResult{statusCode=DEVELOPER_ERROR, resolution=null, message=null, clientMethodKey=null}
2026-02-14 11:03:43.463  4902-5106  FlagRegistrar           com.mwarrc.pocketscore               W  Failed to register com.google.android.gms.providerinstaller#com.mwarrc.pocketscore (Explain with AI)
                                                                                                    fxxu: 17: 17: API: Phenotype.API is not available on this device. Connection failed with: ConnectionResult{statusCode=DEVELOPER_ERROR, resolution=null, message=null, clientMethodKey=null}
                                                                                                    	at fxxw.a(:com.google.android.gms@260235035@26.02.35 (260400-862924022):13)
                                                                                                    	at gvyy.d(:com.google.android.gms@260235035@26.02.35 (260400-862924022):3)
                                                                                                    	at gvza.run(:com.google.android.gms@260235035@26.02.35 (260400-862924022):130)
                                                                                                    	at gwbh.execute(:com.google.android.gms@260235035@26.02.35 (260400-862924022):1)
                                                                                                    	at gvzi.f(:com.google.android.gms@260235035@26.02.35 (260400-862924022):1)
                                                                                                    	at gvzi.m(:com.google.android.gms@260235035@26.02.35 (260400-862924022):99)
                                                                                                    	at gvzi.r(:com.google.android.gms@260235035@26.02.35 (260400-862924022):17)
